{
    "Declarations": [],
    "Statements": [
        {
            "Prelude": {
                "Declarations": [],
                "Statements": [],
                "MaybeName": {
                    "Name": "some.name"
                },
                "Errors": []
            },
            "Body": [
                {
                    "Declarations": [],
                    "Statements": [
                        {
                            "type": "pass"
                        }
                    ],
                    "MaybeName": null,
                    "Errors": []
                }
            ]
        }
    ],
    "MaybeName": null,
    "Errors": []
}