{
    "Declarations": [],
    "Statements": [],
    "MaybeName": null,
    "Errors": []
}