{
    "Declarations": [
        {
            "body": [
                {
                    "type": "pass"
                }
            ],
            "name": "some.name",
            "type": "define.thunk"
        }
    ],
    "Statements": [],
    "MaybeName": null,
    "Errors": []
}